✔ Rule 4 F-4 mutant: rewording A7's rotation sentence — the previously-UNBOUND carrier sentence that shipped green — now goes RED naming A7 (2.9626ms)
✔ A1 (beta, class-level, bundle 9b/10a: INVOCATION not reachability, over CODE not prose): EVERY derived entry point that is OBLIGATED — because it can spawn a child (reaches child_process, any specifier spelling, or an npm dependency, fail-closed per B3) OR because its graph reaches src/env-scrub.js at all (bundle 10a, qa F-4: server-entry can now be flagged on its own account) — ACTUALLY INVOKES initCredentialCustody(...) somewhere in that graph, with no visited file importing the callable binding without calling it itself — walked from the PRODUCTION import graph, not asserted, and not satisfied by mere module reachability (see analyzeScrubInvocation's header for why reachability alone is insufficient) (75.7245ms)
✔ F-1 (falsifier, OBSERVED RED per spelling): all THREE child_process spellings classify spawn-capable, and each spelling's detection is load-bearing — neutralising the spelling flips canSpawn true->false through the REAL walker, not a re-implemented matcher (13.8778ms)
✔ test\no-tautological-assertions.test.js (42.1992ms)
✔ CLI process, F-5 (mutant proof): a missing-file pointer and a missing-name pointer are reported as DISTINCT RED reasons, and the process exits non-zero (38.593ms)
✔ resolving the COMMITTED manifest against this repo reports 33/48, 15 unresolved (F-5: 11 missing-name, 4 missing-file), as of bundle 8e (5.0396ms)
ℹ tests 6
ℹ suites 0
ℹ pass 6
ℹ fail 0
ℹ cancelled 0
ℹ skipped 0
ℹ todo 0
ℹ duration_ms 145.3864
